c:\users\mdyu2\onedrive\рабочий стол\учеба\повс\laba7\laba7\x64\debug\vc143.pdb
c:\users\mdyu2\onedrive\рабочий стол\учеба\повс\laba7\laba7\x64\debug\vc143.idb
c:\users\mdyu2\onedrive\рабочий стол\учеба\повс\laba7\laba7\x64\debug\laba7.obj
c:\users\mdyu2\onedrive\рабочий стол\учеба\повс\laba7\laba7\x64\debug\laba7.res
c:\users\mdyu2\onedrive\рабочий стол\учеба\повс\laba7\x64\debug\laba7.pdb
c:\users\mdyu2\onedrive\рабочий стол\учеба\повс\laba7\laba7\x64\debug\laba7.tlog\cl.command.1.tlog
c:\users\mdyu2\onedrive\рабочий стол\учеба\повс\laba7\laba7\x64\debug\laba7.tlog\cl.read.1.tlog
c:\users\mdyu2\onedrive\рабочий стол\учеба\повс\laba7\laba7\x64\debug\laba7.tlog\cl.write.1.tlog
c:\users\mdyu2\onedrive\рабочий стол\учеба\повс\laba7\laba7\x64\debug\laba7.tlog\link.9940-cvtres.read.1.tlog
c:\users\mdyu2\onedrive\рабочий стол\учеба\повс\laba7\laba7\x64\debug\laba7.tlog\link.9940-cvtres.write.1.tlog
c:\users\mdyu2\onedrive\рабочий стол\учеба\повс\laba7\laba7\x64\debug\laba7.tlog\link.9940-rc.read.1.tlog
c:\users\mdyu2\onedrive\рабочий стол\учеба\повс\laba7\laba7\x64\debug\laba7.tlog\link.9940-rc.write.1.tlog
c:\users\mdyu2\onedrive\рабочий стол\учеба\повс\laba7\laba7\x64\debug\laba7.tlog\link.9940.read.1.tlog
c:\users\mdyu2\onedrive\рабочий стол\учеба\повс\laba7\laba7\x64\debug\laba7.tlog\link.9940.read.2.tlog
c:\users\mdyu2\onedrive\рабочий стол\учеба\повс\laba7\laba7\x64\debug\laba7.tlog\link.9940.write.1.tlog
c:\users\mdyu2\onedrive\рабочий стол\учеба\повс\laba7\laba7\x64\debug\laba7.tlog\link.command.1.tlog
c:\users\mdyu2\onedrive\рабочий стол\учеба\повс\laba7\laba7\x64\debug\laba7.tlog\link.read.1.tlog
c:\users\mdyu2\onedrive\рабочий стол\учеба\повс\laba7\laba7\x64\debug\laba7.tlog\link.write.1.tlog
c:\users\mdyu2\onedrive\рабочий стол\учеба\повс\laba7\laba7\x64\debug\laba7.tlog\rc.command.1.tlog
c:\users\mdyu2\onedrive\рабочий стол\учеба\повс\laba7\laba7\x64\debug\laba7.tlog\rc.read.1.tlog
c:\users\mdyu2\onedrive\рабочий стол\учеба\повс\laba7\laba7\x64\debug\laba7.tlog\rc.write.1.tlog
